// Jest Snapshot v1, https://goo.gl/fbAQLP

exports[`datasource/index adds changelogUrl 1`] = `
Object {
  "changelogUrl": "https://github.com/react-native-community/react-native-releases/blob/master/CHANGELOG.md",
  "sourceUrl": "https://github.com/react-native-community/react-native-releases",
}
`;
