// Jest Snapshot v1, https://goo.gl/fbAQLP

exports[`lib/manager/pip_requirements/extract extractDependencies() extracts dependencies 1`] = `
Array [
  Object {
    "currentValue": "0.3.1",
    "depName": "some-package",
    "lineNumber": 2,
    "versionScheme": "pep440",
  },
  Object {
    "currentValue": "1.0.0",
    "depName": "some-other-package",
    "lineNumber": 3,
    "versionScheme": "pep440",
  },
]
`;
