// Jest Snapshot v1, https://goo.gl/fbAQLP

exports[`lib/manager/bundler/extract extractPackageFile() parses rails Gemfile 1`] = `
Object {
  "compatibility": Object {
    "bundler": "1.17.2",
  },
  "deps": Array [
    Object {
      "currentValue": ">= 11.1",
      "datasource": "rubygems",
      "depName": "rake",
      "managerData": Object {
        "lineNumber": 9,
      },
    },
    Object {
      "currentValue": ">= 2.15",
      "datasource": "rubygems",
      "depName": "capybara",
      "managerData": Object {
        "lineNumber": 11,
      },
    },
    Object {
      "currentValue": "~> 1.2",
      "datasource": "rubygems",
      "depName": "rack-cache",
      "managerData": Object {
        "lineNumber": 13,
      },
    },
    Object {
      "depName": "sass-rails",
      "managerData": Object {
        "lineNumber": 14,
      },
      "skipReason": "no-version",
    },
    Object {
      "currentValue": "~> 5",
      "datasource": "rubygems",
      "depName": "turbolinks",
      "managerData": Object {
        "lineNumber": 15,
      },
    },
    Object {
      "depName": "webpacker",
      "managerData": Object {
        "lineNumber": 16,
      },
      "skipReason": "no-version",
    },
    Object {
      "currentValue": "~> 3.1.11",
      "datasource": "rubygems",
      "depName": "bcrypt",
      "managerData": Object {
        "lineNumber": 20,
      },
    },
    Object {
      "currentValue": ">= 1.3.0",
      "datasource": "rubygems",
      "depName": "uglifier",
      "managerData": Object {
        "lineNumber": 24,
      },
    },
    Object {
      "currentValue": ">= 2.0.0",
      "datasource": "rubygems",
      "depName": "json",
      "managerData": Object {
        "lineNumber": 27,
      },
    },
    Object {
      "currentValue": ">= 0.47",
      "datasource": "rubygems",
      "depName": "rubocop",
      "managerData": Object {
        "lineNumber": 29,
      },
    },
    Object {
      "currentValue": "~> 1.0",
      "datasource": "rubygems",
      "depName": "sdoc",
      "depTypes": Array [
        "doc",
      ],
      "managerData": Object {
        "lineNumber": NaN,
      },
    },
    Object {
      "currentValue": "~> 3.2.3",
      "datasource": "rubygems",
      "depName": "redcarpet",
      "depTypes": Array [
        "doc",
      ],
      "managerData": Object {
        "lineNumber": NaN,
      },
    },
    Object {
      "depName": "w3c_validators",
      "depTypes": Array [
        "doc",
      ],
      "managerData": Object {
        "lineNumber": NaN,
      },
      "skipReason": "no-version",
    },
    Object {
      "currentValue": "~> 1.2.0",
      "datasource": "rubygems",
      "depName": "kindlerb",
      "depTypes": Array [
        "doc",
      ],
      "managerData": Object {
        "lineNumber": NaN,
      },
    },
    Object {
      "depName": "dalli",
      "managerData": Object {
        "lineNumber": 39,
      },
      "skipReason": "no-version",
    },
    Object {
      "currentValue": ">= 3.0.5, < 3.2",
      "datasource": "rubygems",
      "depName": "listen",
      "managerData": Object {
        "lineNumber": 40,
      },
    },
    Object {
      "depName": "libxml-ruby",
      "managerData": Object {
        "lineNumber": 41,
      },
      "skipReason": "no-version",
    },
    Object {
      "depName": "connection_pool",
      "managerData": Object {
        "lineNumber": 42,
      },
      "skipReason": "no-version",
    },
    Object {
      "currentValue": ">= 1.1.0",
      "datasource": "rubygems",
      "depName": "bootsnap",
      "managerData": Object {
        "lineNumber": 45,
      },
    },
    Object {
      "depName": "resque",
      "depTypes": Array [
        "job",
      ],
      "managerData": Object {
        "lineNumber": NaN,
      },
      "skipReason": "no-version",
    },
    Object {
      "depName": "resque-scheduler",
      "depTypes": Array [
        "job",
      ],
      "managerData": Object {
        "lineNumber": NaN,
      },
      "skipReason": "no-version",
    },
    Object {
      "depName": "sidekiq",
      "depTypes": Array [
        "job",
      ],
      "managerData": Object {
        "lineNumber": NaN,
      },
      "skipReason": "no-version",
    },
    Object {
      "depName": "sucker_punch",
      "depTypes": Array [
        "job",
      ],
      "managerData": Object {
        "lineNumber": NaN,
      },
      "skipReason": "no-version",
    },
    Object {
      "depName": "delayed_job",
      "depTypes": Array [
        "job",
      ],
      "managerData": Object {
        "lineNumber": NaN,
      },
      "skipReason": "no-version",
    },
    Object {
      "depName": "queue_classic",
      "depTypes": Array [
        "job",
      ],
      "managerData": Object {
        "lineNumber": NaN,
      },
      "skipReason": "no-version",
    },
    Object {
      "depName": "sneakers",
      "depTypes": Array [
        "job",
      ],
      "managerData": Object {
        "lineNumber": NaN,
      },
      "skipReason": "no-version",
    },
    Object {
      "depName": "que",
      "depTypes": Array [
        "job",
      ],
      "managerData": Object {
        "lineNumber": NaN,
      },
      "skipReason": "no-version",
    },
    Object {
      "depName": "backburner",
      "depTypes": Array [
        "job",
      ],
      "managerData": Object {
        "lineNumber": NaN,
      },
      "skipReason": "no-version",
    },
    Object {
      "depName": "delayed_job_active_record",
      "depTypes": Array [
        "job",
      ],
      "managerData": Object {
        "lineNumber": NaN,
      },
      "skipReason": "no-version",
    },
    Object {
      "depName": "sequel",
      "depTypes": Array [
        "job",
      ],
      "managerData": Object {
        "lineNumber": NaN,
      },
      "skipReason": "no-version",
    },
    Object {
      "depName": "puma",
      "depTypes": Array [
        "cable",
      ],
      "managerData": Object {
        "lineNumber": NaN,
      },
      "skipReason": "no-version",
    },
    Object {
      "depName": "hiredis",
      "depTypes": Array [
        "cable",
      ],
      "managerData": Object {
        "lineNumber": NaN,
      },
      "skipReason": "no-version",
    },
    Object {
      "currentValue": "~> 4.0",
      "datasource": "rubygems",
      "depName": "redis",
      "depTypes": Array [
        "cable",
      ],
      "managerData": Object {
        "lineNumber": NaN,
      },
    },
    Object {
      "depName": "redis-namespace",
      "depTypes": Array [
        "cable",
      ],
      "managerData": Object {
        "lineNumber": NaN,
      },
      "skipReason": "no-version",
    },
    Object {
      "depName": "websocket-client-simple",
      "depTypes": Array [
        "cable",
      ],
      "managerData": Object {
        "lineNumber": NaN,
      },
      "skipReason": "no-version",
    },
    Object {
      "depName": "blade",
      "depTypes": Array [
        "cable",
      ],
      "managerData": Object {
        "lineNumber": NaN,
      },
      "skipReason": "no-version",
    },
    Object {
      "depName": "blade-sauce_labs_plugin",
      "depTypes": Array [
        "cable",
      ],
      "managerData": Object {
        "lineNumber": NaN,
      },
      "skipReason": "no-version",
    },
    Object {
      "depName": "sprockets-export",
      "depTypes": Array [
        "cable",
      ],
      "managerData": Object {
        "lineNumber": NaN,
      },
      "skipReason": "no-version",
    },
    Object {
      "depName": "aws-sdk-s3",
      "depTypes": Array [
        "storage",
      ],
      "managerData": Object {
        "lineNumber": NaN,
      },
      "skipReason": "no-version",
    },
    Object {
      "currentValue": "~> 1.11",
      "datasource": "rubygems",
      "depName": "google-cloud-storage",
      "depTypes": Array [
        "storage",
      ],
      "managerData": Object {
        "lineNumber": NaN,
      },
    },
    Object {
      "depName": "azure-storage",
      "depTypes": Array [
        "storage",
      ],
      "managerData": Object {
        "lineNumber": NaN,
      },
      "skipReason": "no-version",
    },
    Object {
      "currentValue": "~> 1.2",
      "datasource": "rubygems",
      "depName": "image_processing",
      "depTypes": Array [
        "storage",
      ],
      "managerData": Object {
        "lineNumber": NaN,
      },
    },
    Object {
      "depName": "aws-sdk-sns",
      "managerData": Object {
        "lineNumber": 88,
      },
      "skipReason": "no-version",
    },
    Object {
      "depName": "webmock",
      "managerData": Object {
        "lineNumber": 89,
      },
      "skipReason": "no-version",
    },
    Object {
      "depName": "qunit-selenium",
      "depTypes": Array [
        "ujs",
      ],
      "managerData": Object {
        "lineNumber": NaN,
      },
      "skipReason": "no-version",
    },
    Object {
      "depName": "chromedriver-helper",
      "depTypes": Array [
        "ujs",
      ],
      "managerData": Object {
        "lineNumber": NaN,
      },
      "skipReason": "no-version",
    },
    Object {
      "depName": "minitest-bisect",
      "depTypes": Array [
        "test",
      ],
      "managerData": Object {
        "lineNumber": NaN,
      },
      "skipReason": "no-version",
    },
    Object {
      "depName": "minitest-retry",
      "depTypes": Array [
        "test",
      ],
      "managerData": Object {
        "lineNumber": NaN,
      },
      "skipReason": "no-version",
    },
    Object {
      "depName": "stackprof",
      "depTypes": Array [
        "test",
      ],
      "managerData": Object {
        "lineNumber": NaN,
      },
      "skipReason": "no-version",
    },
    Object {
      "depName": "byebug",
      "depTypes": Array [
        "test",
      ],
      "managerData": Object {
        "lineNumber": NaN,
      },
      "skipReason": "no-version",
    },
    Object {
      "depName": "benchmark-ips",
      "depTypes": Array [
        "test",
      ],
      "managerData": Object {
        "lineNumber": NaN,
      },
      "skipReason": "no-version",
    },
    Object {
      "currentValue": ">= 1.8.1",
      "datasource": "rubygems",
      "depName": "nokogiri",
      "managerData": Object {
        "lineNumber": NaN,
      },
    },
    Object {
      "currentValue": ">=1.4.6",
      "datasource": "rubygems",
      "depName": "racc",
      "managerData": Object {
        "lineNumber": NaN,
      },
    },
    Object {
      "currentValue": "~> 1.3.6",
      "datasource": "rubygems",
      "depName": "sqlite3",
      "managerData": Object {
        "lineNumber": NaN,
      },
    },
    Object {
      "currentValue": ">= 0.18.0",
      "datasource": "rubygems",
      "depName": "pg",
      "depTypes": Array [
        "db",
      ],
      "managerData": Object {
        "lineNumber": NaN,
      },
    },
    Object {
      "currentValue": ">= 0.4.10",
      "datasource": "rubygems",
      "depName": "mysql2",
      "depTypes": Array [
        "db",
      ],
      "managerData": Object {
        "lineNumber": NaN,
      },
    },
    Object {
      "depName": "activerecord-jdbcsqlite3-adapter",
      "managerData": Object {
        "lineNumber": NaN,
      },
      "skipReason": "no-version",
    },
    Object {
      "depName": "activerecord-jdbcmysql-adapter",
      "depTypes": Array [
        "db",
      ],
      "managerData": Object {
        "lineNumber": NaN,
      },
      "skipReason": "no-version",
    },
    Object {
      "depName": "activerecord-jdbcpostgresql-adapter",
      "depTypes": Array [
        "db",
      ],
      "managerData": Object {
        "lineNumber": NaN,
      },
      "skipReason": "no-version",
    },
    Object {
      "currentValue": ">= 1.3.0",
      "datasource": "rubygems",
      "depName": "activerecord-jdbcsqlite3-adapter",
      "managerData": Object {
        "lineNumber": NaN,
      },
    },
    Object {
      "currentValue": ">= 1.3.0",
      "datasource": "rubygems",
      "depName": "activerecord-jdbcmysql-adapter",
      "depTypes": Array [
        "db",
      ],
      "managerData": Object {
        "lineNumber": NaN,
      },
    },
    Object {
      "currentValue": ">= 1.3.0",
      "datasource": "rubygems",
      "depName": "activerecord-jdbcpostgresql-adapter",
      "depTypes": Array [
        "db",
      ],
      "managerData": Object {
        "lineNumber": NaN,
      },
    },
    Object {
      "currentValue": "~> 3.0",
      "datasource": "rubygems",
      "depName": "psych",
      "managerData": Object {
        "lineNumber": NaN,
      },
    },
    Object {
      "currentValue": "~> 2.2",
      "datasource": "rubygems",
      "depName": "ruby-oci8",
      "managerData": Object {
        "lineNumber": NaN,
      },
    },
    Object {
      "depName": "activerecord-oracle_enhanced-adapter",
      "managerData": Object {
        "lineNumber": NaN,
      },
      "skipReason": "no-version",
    },
    Object {
      "depName": "ibm_db",
      "managerData": Object {
        "lineNumber": 158,
      },
      "skipReason": "no-version",
    },
    Object {
      "depName": "tzinfo-data",
      "managerData": Object {
        "lineNumber": 159,
      },
      "skipReason": "no-version",
    },
    Object {
      "currentValue": ">= 0.1.0",
      "datasource": "rubygems",
      "depName": "wdm",
      "managerData": Object {
        "lineNumber": 160,
      },
    },
  ],
  "registryUrls": Array [
    "https://rubygems.org",
  ],
}
`;

exports[`lib/manager/bundler/extract extractPackageFile() parses sourceGroups 1`] = `
Object {
  "compatibility": Object {
    "ruby": "~> 1.5.3",
  },
  "deps": Array [
    Object {
      "depName": "some_internal_gem",
      "managerData": Object {
        "lineNumber": NaN,
      },
      "registryUrls": Array [
        "https://gems.example.com",
      ],
      "skipReason": "no-version",
    },
    Object {
      "depName": "another_internal_gem",
      "managerData": Object {
        "lineNumber": NaN,
      },
      "registryUrls": Array [
        "https://gems.example.com",
      ],
      "skipReason": "no-version",
    },
    Object {
      "currentValue": "latest",
      "depName": "ruby-debug",
      "managerData": Object {
        "lineNumber": NaN,
      },
      "skipReason": "invalid-value",
    },
    Object {
      "depName": "sqlite3",
      "managerData": Object {
        "lineNumber": NaN,
      },
      "skipReason": "no-version",
    },
    Object {
      "depName": "wirble",
      "depTypes": Array [
        "development",
        "optional => true",
      ],
      "managerData": Object {
        "lineNumber": NaN,
      },
      "skipReason": "no-version",
    },
    Object {
      "depName": "faker",
      "depTypes": Array [
        "development",
        "optional => true",
      ],
      "managerData": Object {
        "lineNumber": NaN,
      },
      "skipReason": "no-version",
    },
  ],
  "registryUrls": Array [
    "https://rubygems.org",
  ],
}
`;
